18:05:56 **** Incremental Build of configuration Debug for project testservo ****
make -j8 all 
arm-none-eabi-gcc "../Core/Src/main.c" -mcpu=cortex-m7 -std=gnu11 -g3 -DDEBUG -DUSE_HAL_DRIVER -DSTM32F767xx -c -I../Core/Inc -I../Drivers/STM32F7xx_HAL_Driver/Inc -I../Drivers/STM32F7xx_HAL_Driver/Inc/Legacy -I../Drivers/CMSIS/Device/ST/STM32F7xx/Include -I../Drivers/CMSIS/Include -O0 -ffunction-sections -fdata-sections -Wall -fstack-usage -fcyclomatic-complexity -MMD -MP -MF"Core/Src/main.d" -MT"Core/Src/main.o" --specs=nano.specs -mfpu=fpv5-d16 -mfloat-abi=hard -mthumb -o "Core/Src/main.o"
arm-none-eabi-gcc -o "testservo.elf" @"objects.list"   -mcpu=cortex-m7 -T"D:\githubspace\stm32\testservo\STM32F767ZITX_FLASH.ld" --specs=nosys.specs -Wl,-Map="testservo.map" -Wl,--gc-sections -static --specs=nano.specs -mfpu=fpv5-d16 -mfloat-abi=hard -mthumb -Wl,--start-group -lc -lm -Wl,--end-group
Finished building target: testservo.elf
 
arm-none-eabi-size  testservo.elf 
arm-none-eabi-objdump -h -S testservo.elf  > "testservo.list"
   text	   data	    bss	    dec	    hex	filename
  11516	     12	   1796	  13324	   340c	testservo.elf
Finished building: default.size.stdout
 
Finished building: testservo.list
 

18:05:59 Build Finished. 0 errors, 0 warnings. (took 2s.760ms)

